[
{"Foo":"first","Bar":"row","Baz":123,"Fobe":1,"Dt Test":"2018-10-07T00:00:00.000Z","enabled":true},
{"Foo":"second","Bar":"row","Baz":456,"Fobe":2.1,"Dt Test":"2018-10-07T00:00:00.000Z","enabled":false},
{"Foo":"third","Bar":"row your boat","Baz":789,"Fobe":3,"Dt Test":"2018-10-18T00:00:00.000Z","enabled":true},
{"Foo":"fourth","Bar":"boat","Baz":0,"Fobe":4.3,"Dt Test":"2018-10-10T14:13:30.500Z","enabled":false},
{"Foo":"fifth","Bar":"downstream","Baz":-12,"Fobe":19,"Dt Test":"2018-10-18T00:00:00.000Z","enabled":true},
{"Foo":"sixth"},
{"Foo":"seventh","Bar":"big data","Baz":0,"Fobe":4.3,"Dt Test":"2018-10-10T14:13:30.000-05:00","enabled":false},
{"Foo":"eighth","Bar":"(bigger data)","Baz":12,"Fobe":3.44,"Dt Test":"2018-10-10T00:00:00.000Z","enabled":false}
]
