[
{"County":"Apache","Precincts":44,"Date/Period":"PPE 2024","Democratic":26444,"Green":17,"Libertarian":229,"No Labels":129,"Republican":10579,"Other":13679,"Total":51077},
{"County":44,"Precincts":"2024-04-01T00:00:00.000Z","Date/Period":26432,"Democratic":17,"Green":228,"Libertarian":142,"No Labels":10649,"Republican":13658,"Other":51126},
{"County":44,"Precincts":"P.E. 2024","Date/Period":26729,"Democratic":19,"Green":238,"Libertarian":203,"No Labels":11176,"Republican":14027,"Other":52392},
{"County":"Cochise","Precincts":55,"Date/Period":"PPE 2024","Democratic":18028,"Green":49,"Libertarian":655,"No Labels":445,"Republican":29602,"Other":26577,"Total":75356},
{"County":55,"Precincts":"2024-04-01T00:00:00.000Z","Date/Period":18093,"Democratic":49,"Green":656,"Libertarian":457,"No Labels":30058,"Republican":26818,"Other":76131},
{"County":55,"Precincts":"P.E. 2024","Date/Period":18286,"Democratic":59,"Green":660,"Libertarian":521,"No Labels":30864,"Republican":27695,"Other":78085},
{"County":"Coconino","Precincts":75,"Date/Period":"PPE 2024","Democratic":33242,"Green":151,"Libertarian":715,"No Labels":624,"Republican":22362,"Other":27503,"Total":84597},
{"County":75,"Precincts":"2024-04-01T00:00:00.000Z","Date/Period":33542,"Democratic":155,"Green":720,"Libertarian":643,"No Labels":22636,"Republican":27824,"Other":85520},
{"County":75,"Precincts":"P.E. 2024","Date/Period":33050,"Democratic":154,"Green":700,"Libertarian":648,"No Labels":22397,"Republican":27402,"Other":84351},
{"County":"Gila","Precincts":39,"Date/Period":"PPE 2024","Democratic":7971,"Green":0,"Libertarian":225,"No Labels":146,"Republican":15949,"Other":9284,"Total":33575},
{"County":39,"Precincts":"2024-04-01T00:00:00.000Z","Date/Period":7963,"Democratic":14,"Green":225,"Libertarian":150,"No Labels":16048,"Republican":9343,"Other":33743},
{"County":39,"Precincts":"P.E. 2024","Date/Period":7765,"Democratic":21,"Green":207,"Libertarian":148,"No Labels":15968,"Republican":9000,"Other":33109},
{"County":"Graham","Precincts":23,"Date/Period":"PPE 2024","Democratic":4398,"Green":8,"Libertarian":120,"No Labels":69,"Republican":10055,"Other":5408,"Total":20058},
{"County":23,"Precincts":"2024-04-01T00:00:00.000Z","Date/Period":4396,"Democratic":9,"Green":120,"Libertarian":70,"No Labels":10140,"Republican":5474,"Other":20209},
{"County":23,"Precincts":"P.E. 2024","Date/Period":4221,"Democratic":10,"Green":117,"Libertarian":81,"No Labels":9973,"Republican":5125,"Other":19527},
{"County":"Greenlee","Precincts":6,"Date/Period":"PPE 2024","Democratic":1319,"Green":2,"Libertarian":51,"No Labels":30,"Republican":1697,"Other":1398,"Total":4497},
{"County":6,"Precincts":"2024-04-01T00:00:00.000Z","Date/Period":1319,"Democratic":2,"Green":50,"Libertarian":29,"No Labels":1718,"Republican":1411,"Other":4529},
{"County":6,"Precincts":"P.E. 2024","Date/Period":1290,"Democratic":2,"Green":51,"Libertarian":34,"No Labels":1750,"Republican":1425,"Other":4552},
{"County":"La Paz","Precincts":11,"Date/Period":"PPE 2024","Democratic":2084,"Green":4,"Libertarian":60,"No Labels":105,"Republican":5457,"Other":4131,"Total":11841},
{"County":11,"Precincts":"2024-04-01T00:00:00.000Z","Date/Period":2027,"Democratic":4,"Green":63,"Libertarian":113,"No Labels":5412,"Republican":4157,"Other":11776},
{"County":11,"Precincts":"P.E. 2024","Date/Period":2014,"Democratic":9,"Green":65,"Libertarian":128,"No Labels":5468,"Republican":4249,"Other":11933},
{"County":"Maricopa","Precincts":906,"Date/Period":"PPE 2024","Democratic":689085,"Green":1587,"Libertarian":19623,"No Labels":17687,"Republican":839251,"Other":841882,"Total":2409115},
{"County":906,"Precincts":"2024-04-01T00:00:00.000Z","Date/Period":682927,"Democratic":1605,"Green":18824,"Libertarian":17325,"No Labels":835409,"Republican":815384,"Other":2371474},
{"County":906,"Precincts":"P.E. 2024","Date/Period":692294,"Democratic":1878,"Green":18837,"Libertarian":18364,"No Labels":851227,"Republican":837009,"Other":2419609},
{"County":"Mohave","Precincts":24,"Date/Period":"PPE 2024","Democratic":18163,"Green":62,"Libertarian":896,"No Labels":653,"Republican":75712,"Other":43789,"Total":139275},
{"County":24,"Precincts":"2024-04-01T00:00:00.000Z","Date/Period":18146,"Democratic":68,"Green":907,"Libertarian":686,"No Labels":76468,"Republican":43970,"Other":140245},
{"County":24,"Precincts":"P.E. 2024","Date/Period":17808,"Democratic":77,"Green":899,"Libertarian":765,"No Labels":76534,"Republican":43215,"Other":139298},
{"County":"Navajo","Precincts":21,"Date/Period":"PPE 2024","Democratic":22427,"Green":0,"Libertarian":394,"No Labels":317,"Republican":25333,"Other":18415,"Total":66886},
{"County":21,"Precincts":"2024-04-01T00:00:00.000Z","Date/Period":22290,"Democratic":4,"Green":386,"Libertarian":329,"No Labels":25435,"Republican":18267,"Other":66711},
{"County":21,"Precincts":"P.E. 2024","Date/Period":21759,"Democratic":15,"Green":370,"Libertarian":349,"No Labels":25530,"Republican":18184,"Other":66207},
{"County":"Pima","Precincts":278,"Date/Period":"PPE 2024","Democratic":239048,"Green":777,"Libertarian":4737,"No Labels":3675,"Republican":175893,"Other":207329,"Total":631459},
{"County":278,"Precincts":"2024-04-01T00:00:00.000Z","Date/Period":238782,"Democratic":779,"Green":4753,"Libertarian":3728,"No Labels":176166,"Republican":208247,"Other":632455},
{"County":278,"Precincts":"P.E. 2024","Date/Period":234298,"Democratic":865,"Green":4598,"Libertarian":3881,"No Labels":175517,"Republican":209155,"Other":628314},
{"County":"Pinal","Precincts":109,"Date/Period":"PPE 2024","Democratic":62624,"Green":7,"Libertarian":2138,"No Labels":2008,"Republican":102023,"Other":97233,"Total":266033},
{"County":109,"Precincts":"2024-04-01T00:00:00.000Z","Date/Period":61262,"Democratic":17,"Green":2155,"Libertarian":2078,"No Labels":101452,"Republican":94992,"Other":261956},
{"County":109,"Precincts":"P.E. 2024","Date/Period":62073,"Democratic":134,"Green":2168,"Libertarian":2137,"No Labels":104200,"Republican":97427,"Other":268139},
{"County":"Santa Cruz","Precincts":24,"Date/Period":"PPE 2024","Democratic":13720,"Green":12,"Libertarian":173,"No Labels":116,"Republican":5124,"Other":11287,"Total":30432},
{"County":24,"Precincts":"2024-04-01T00:00:00.000Z","Date/Period":13722,"Democratic":11,"Green":168,"Libertarian":119,"No Labels":5188,"Republican":11470,"Other":30678},
{"County":24,"Precincts":"P.E. 2024","Date/Period":13597,"Democratic":12,"Green":164,"Libertarian":133,"No Labels":5320,"Republican":11533,"Other":30759},
{"County":"Yavapai","Precincts":57,"Date/Period":"PPE 2024","Democratic":31650,"Green":11,"Libertarian":1302,"No Labels":956,"Republican":86169,"Other":48204,"Total":168292},
{"County":57,"Precincts":"2024-04-01T00:00:00.000Z","Date/Period":31370,"Democratic":21,"Green":1268,"Libertarian":976,"No Labels":86072,"Republican":47491,"Other":167198},
{"County":57,"Precincts":"P.E. 2024","Date/Period":30958,"Democratic":48,"Green":1238,"Libertarian":974,"No Labels":86128,"Republican":47324,"Other":166670},
{"County":"Yuma","Precincts":47,"Date/Period":"PPE 2024","Democratic":29988,"Green":36,"Libertarian":641,"No Labels":671,"Republican":31551,"Other":40880,"Total":103767},
{"County":47,"Precincts":"2024-04-01T00:00:00.000Z","Date/Period":29934,"Democratic":41,"Green":641,"Libertarian":684,"No Labels":32131,"Republican":41138,"Other":104569},
{"County":47,"Precincts":"P.E. 2024","Date/Period":29554,"Democratic":41,"Green":622,"Libertarian":666,"No Labels":32914,"Republican":42528,"Other":106325},
{"County":"Totals:","Precincts":1719,"Date/Period":"PPE 2024","Democratic":1200191,"Green":2723,"Libertarian":31959,"No Labels":27631,"Republican":1436757,"Other":1396999,"Total":4096260},
{"County":1719,"Precincts":"2024-04-01T00:00:00.000Z","Date/Period":1192205,"Democratic":2796,"Green":31164,"Libertarian":27529,"No Labels":1434982,"Republican":1369644,"Other":4058320},
{"County":1719,"Precincts":"P.E. 2024","Date/Period":1195696,"Democratic":3344,"Green":30934,"Libertarian":29032,"No Labels":1454966,"Republican":1395298,"Other":4109270}
]
