[
["Foo","Bar","Baz","Fobe","Dt Test","enabled"],
["first","row",123,1,"2018-10-07T00:00:00.000Z",true],
["second","row",456,2.1,"2018-10-07T00:00:00.000Z",false],
["third","row your boat",789,3,"2018-10-18T00:00:00.000Z",true],
["fourth","boat",0,4.3,"2018-10-10T14:13:30.500Z",false],
["fifth","downstream",-12,19,"2018-10-18T00:00:00.000Z",true],
["sixth",null,null,null,null,null],
["seventh","big data",0,4.3,"2018-10-10T14:13:30.000-05:00",false],
["eighth","(bigger data)",12,3.44,"2018-10-10T00:00:00.000Z",false]
]
