[
["STATE OF ARIZONA REGISTRATION REPORT"],
["Page: 1"],
["2024 Primary Election - July 30, 2024"],
["Compiled and Issued by the Arizona Secretary of State"],
["Active"],
["County","Precincts","Date/Period","Democratic","Green","Libertarian","No Labels","Republican","Other","Total"],
["Apache",44,"PPE 2024",26444,17,229,129,10579,13679,51077],
[44,"2024-04-01T00:00:00.000Z",26432,17,228,142,10649,13658,51126],
[44,"P.E. 2024",26729,19,238,203,11176,14027,52392],
["Cochise",55,"PPE 2024",18028,49,655,445,29602,26577,75356],
[55,"2024-04-01T00:00:00.000Z",18093,49,656,457,30058,26818,76131],
[55,"P.E. 2024",18286,59,660,521,30864,27695,78085],
["Coconino",75,"PPE 2024",33242,151,715,624,22362,27503,84597],
[75,"2024-04-01T00:00:00.000Z",33542,155,720,643,22636,27824,85520],
[75,"P.E. 2024",33050,154,700,648,22397,27402,84351],
["Gila",39,"PPE 2024",7971,0,225,146,15949,9284,33575],
[39,"2024-04-01T00:00:00.000Z",7963,14,225,150,16048,9343,33743],
[39,"P.E. 2024",7765,21,207,148,15968,9000,33109],
["Graham",23,"PPE 2024",4398,8,120,69,10055,5408,20058],
[23,"2024-04-01T00:00:00.000Z",4396,9,120,70,10140,5474,20209],
[23,"P.E. 2024",4221,10,117,81,9973,5125,19527],
["Greenlee",6,"PPE 2024",1319,2,51,30,1697,1398,4497],
[6,"2024-04-01T00:00:00.000Z",1319,2,50,29,1718,1411,4529],
[6,"P.E. 2024",1290,2,51,34,1750,1425,4552],
["La Paz",11,"PPE 2024",2084,4,60,105,5457,4131,11841],
[11,"2024-04-01T00:00:00.000Z",2027,4,63,113,5412,4157,11776],
[11,"P.E. 2024",2014,9,65,128,5468,4249,11933],
["Maricopa",906,"PPE 2024",689085,1587,19623,17687,839251,841882,2409115],
[906,"2024-04-01T00:00:00.000Z",682927,1605,18824,17325,835409,815384,2371474],
[906,"P.E. 2024",692294,1878,18837,18364,851227,837009,2419609],
["Mohave",24,"PPE 2024",18163,62,896,653,75712,43789,139275],
[24,"2024-04-01T00:00:00.000Z",18146,68,907,686,76468,43970,140245],
[24,"P.E. 2024",17808,77,899,765,76534,43215,139298],
["Navajo",21,"PPE 2024",22427,0,394,317,25333,18415,66886],
[21,"2024-04-01T00:00:00.000Z",22290,4,386,329,25435,18267,66711],
[21,"P.E. 2024",21759,15,370,349,25530,18184,66207],
["Pima",278,"PPE 2024",239048,777,4737,3675,175893,207329,631459],
[278,"2024-04-01T00:00:00.000Z",238782,779,4753,3728,176166,208247,632455],
[278,"P.E. 2024",234298,865,4598,3881,175517,209155,628314],
["Pinal",109,"PPE 2024",62624,7,2138,2008,102023,97233,266033],
[109,"2024-04-01T00:00:00.000Z",61262,17,2155,2078,101452,94992,261956],
[109,"P.E. 2024",62073,134,2168,2137,104200,97427,268139],
["Santa Cruz",24,"PPE 2024",13720,12,173,116,5124,11287,30432],
[24,"2024-04-01T00:00:00.000Z",13722,11,168,119,5188,11470,30678],
[24,"P.E. 2024",13597,12,164,133,5320,11533,30759],
["Yavapai",57,"PPE 2024",31650,11,1302,956,86169,48204,168292],
[57,"2024-04-01T00:00:00.000Z",31370,21,1268,976,86072,47491,167198],
[57,"P.E. 2024",30958,48,1238,974,86128,47324,166670],
["Yuma",47,"PPE 2024",29988,36,641,671,31551,40880,103767],
[47,"2024-04-01T00:00:00.000Z",29934,41,641,684,32131,41138,104569],
[47,"P.E. 2024",29554,41,622,666,32914,42528,106325],
["Totals:",1719,"PPE 2024",1200191,2723,31959,27631,1436757,1396999,4096260],
[1719,"2024-04-01T00:00:00.000Z",1192205,2796,31164,27529,1434982,1369644,4058320],
[1719,"P.E. 2024",1195696,3344,30934,29032,1454966,1395298,4109270],
["Percentages:","PPE 2024",29.3,0.07,0.78,0.67,35.07,34.1],
["2024-04-01T00:00:00.000Z",29.38,0.07,0.77,0.68,35.36,33.75],
["P.E. 2024",29.1,0.08,0.75,0.71,35.41,33.95],
["Active"],
["District","Precincts","Democratic","Green","Libertarian","No Labels","Republican","Other","Total"],
["Congressional District 1"],
["Maricopa",206,135918,359,3714,3231,190537,160968,494727],
["Total:",206,135918,359,3714,3231,190537,160968,494727],
["Congressional District 2"],
["Apache",44,26729,19,238,203,11176,14027,52392],
["Coconino",75,33050,154,700,648,22397,27402,84351],
["Gila",39,7765,21,207,148,15968,9000,33109],
["Graham",2,1191,0,3,10,169,603,1976],
["Maricopa",3,561,2,7,12,82,635,1299],
["Mohave",2,246,1,5,4,102,354,712],
["Navajo",21,21759,15,370,349,25530,18184,66207],
["Pinal",50,27772,52,839,917,39361,41128,110069],
["Yavapai",57,30958,48,1238,974,86128,47324,166670],
["Total:",293,150031,312,3607,3265,200913,158657,516785],
["Congressional District 3"],
["Maricopa",123,137062,303,2056,2828,45552,123628,311429],
["Total:",123,137062,303,2056,2828,45552,123628,311429],
["Congressional District 4"],
["Maricopa",146,123025,414,3733,3291,132819,142441,405723],
["Total:",146,123025,414,3733,3291,132819,142441,405723],
["Congressional District 5"],
["Maricopa",120,91144,242,3250,2671,172177,134981,404465],
["Pinal",30,19537,61,994,831,45123,37332,103878],
["Total:",150,110681,303,4244,3502,217300,172313,508343],
["Congressional District 6"],
["Cochise",43,11282,40,575,431,27611,21076,61015],
["Graham",21,3030,10,114,71,9804,4522,17551],
["Greenlee",6,1290,2,51,34,1750,1425,4552],
["Pima",155,127564,413,2801,2176,127080,122067,382101],
["Pinal",25,13916,20,307,353,18303,17565,50464],
["Total:",250,157082,485,3848,3065,184548,166655,515683],
["Congressional District 7"],
["Cochise",12,7004,19,85,90,3253,6619,17070],
["Maricopa",23,19729,38,373,613,10855,21055,52663],
["Pima",123,106734,452,1797,1705,48437,87088,246213],
["Pinal",4,848,1,28,36,1413,1402,3728],
["Santa Cruz",24,13597,12,164,133,5320,11533,30759],
["Yuma",27,20553,25,289,360,11793,25670,58690],
["Total:",213,168465,547,2736,2937,81071,153367,409123],
["Congressional District 8"],
["Maricopa",173,113180,333,3429,2941,188313,149023,457219],
["Total:",173,113180,333,3429,2941,188313,149023,457219],
["Congressional District 9"],
["La Paz",11,2014,9,65,128,5468,4249,11933],
["Maricopa",112,71675,187,2275,2777,110892,104278,292084],
["Mohave",22,17562,76,894,761,76432,42861,138586],
["Yuma",20,9001,16,333,306,21121,16858,47635],
["Total:",165,100252,288,3567,3972,213913,168246,490238],
["Legislative District 1"],
["Coconino",1,695,1,14,9,578,615,1912],
["Yavapai",54,30789,48,1232,967,85112,46938,165086],
["Total:",55,31484,49,1246,976,85690,47553,166998],
["Legislative District 2"],
["Maricopa",48,34364,120,1213,1004,44748,44317,125766],
["Total:",48,34364,120,1213,1004,44748,44317,125766],
["Legislative District 3"],
["Maricopa",58,34648,77,1111,811,84620,53232,174499],
["Total:",58,34648,77,1111,811,84620,53232,174499],
["Legislative District 4"],
["Maricopa",70,44278,110,1241,1116,65123,52224,164092],
["Total:",70,44278,110,1241,1116,65123,52224,164092],
["Legislative District 5"],
["Maricopa",54,51113,175,985,1004,26368,41067,120712],
["Total:",54,51113,175,985,1004,26368,41067,120712],
["Legislative District 6"],
["Apache",44,26729,19,238,203,11176,14027,52392],
["Coconino",49,23208,100,415,366,13048,17437,54574],
["Gila",3,1977,1,8,12,250,1041,3289],
["Graham",2,1191,0,3,10,169,603,1976],
["Mohave",2,246,1,5,4,102,354,712],
["Navajo",11,17488,6,132,143,4631,9530,31930],
["Pinal",1,0,0,0,0,0,0,0],
["Total:",112,70839,127,801,738,29376,42992,144873],
["Legislative District 7"],
["Coconino",25,9147,53,271,273,8771,9350,27865],
["Gila",36,5788,20,199,136,15718,7959,29820],
["Navajo",10,4271,9,238,206,20899,8654,34277],
["Pinal",27,12792,29,471,372,25519,19614,58797],
["Total:",98,31998,111,1179,987,70907,45577,150759],
["Legislative District 8"],
["Maricopa",57,37066,142,1073,1160,27865,40770,108076],
["Total:",57,37066,142,1073,1160,27865,40770,108076],
["Legislative District 9"],
["Maricopa",39,31287,122,1064,882,34462,38971,106788],
["Total:",39,31287,122,1064,882,34462,38971,106788],
["Legislative District 10"],
["Maricopa",43,29141,99,1038,799,58654,42944,132675],
["Pinal",3,1349,0,54,57,2903,2658,7021],
["Total:",46,30490,99,1092,856,61557,45602,139696],
["Legislative District 11"],
["Maricopa",37,48905,99,684,971,16017,42416,109092],
["Total:",37,48905,99,684,971,16017,42416,109092],
["Legislative District 12"],
["Maricopa",48,47731,135,1230,1057,43870,49490,143513],
["Total:",48,47731,135,1230,1057,43870,49490,143513],
["Legislative District 13"],
["Maricopa",45,38500,93,1029,978,50542,48977,140119],
["Total:",45,38500,93,1029,978,50542,48977,140119],
["Legislative District 14"],
["Maricopa",44,32703,82,1266,985,64112,49705,148853],
["Total:",44,32703,82,1266,985,64112,49705,148853],
["Legislative District 15"],
["Maricopa",26,17670,48,806,662,43756,29774,92716],
["Pinal",19,13495,46,732,608,31191,26082,72154],
["Total:",45,31165,94,1538,1270,74947,55856,164870],
["Legislative District 16"],
["Maricopa",2,554,2,7,10,79,618,1270],
["Pima",17,8685,23,199,113,7813,7560,24393],
["Pinal",53,31091,52,850,1065,38845,45299,117202],
["Total:",72,40330,77,1056,1188,46737,53477,142865],
["Legislative District 17"],
["Pima",63,46814,142,1242,834,62017,52164,163213],
["Pinal",5,3215,6,61,35,5734,3697,12748],
["Total:",68,50029,148,1303,869,67751,55861,175961],
["Legislative District 18"],
["Pima",65,60836,229,1157,974,42099,48682,153977],
["Total:",65,60836,229,1157,974,42099,48682,153977],
["Legislative District 19"],
["Cochise",48,15762,47,611,486,29173,25474,71553],
["Graham",21,3030,10,114,71,9804,4522,17551],
["Greenlee",6,1290,2,51,34,1750,1425,4552],
["Pima",17,13676,31,291,208,19937,15411,49554],
["Santa Cruz",3,806,0,25,5,901,759,2496],
["Total:",95,34564,90,1092,804,61565,47591,145706],
["Legislative District 20"],
["Pima",56,57180,261,802,864,17849,42293,119249],
["Total:",56,57180,261,802,864,17849,42293,119249],
["Legislative District 21"],
["Cochise",7,2524,12,49,35,1691,2221,6532],
["Pima",42,36963,153,737,710,21259,34669,94491],
["Santa Cruz",21,12791,12,139,128,4419,10774,28263],
["Total:",70,52278,177,925,873,27369,47664,129286],
["Legislative District 22"],
["Maricopa",40,40269,81,681,1245,19346,42632,104254],
["Total:",40,40269,81,681,1245,19346,42632,104254],
["Legislative District 23"],
["Maricopa",20,11329,26,344,464,13939,15477,41579],
["Pima",18,10144,26,170,178,4543,8376,23437],
["Pinal",1,131,1,0,0,8,77,217],
["Yuma",26,20181,25,282,350,11485,25177,57500],
["Total:",65,41785,78,796,992,29975,49107,122733],
["Legislative District 24"],
["Maricopa",38,32801,60,612,691,16748,34503,85415],
["Total:",38,32801,60,612,691,16748,34503,85415],
["Legislative District 25"],
["Maricopa",44,22522,46,804,965,40986,35868,101191],
["Yuma",21,9373,16,340,316,21429,17351,48825],
["Total:",65,31895,62,1144,1281,62415,53219,150016],
["Legislative District 26"],
["Maricopa",34,31652,69,546,604,13884,31126,77881],
["Total:",34,31652,69,546,604,13884,31126,77881],
["Legislative District 27"],
["Maricopa",51,34914,108,1131,1029,48944,44947,131073],
["Total:",51,34914,108,1131,1029,48944,44947,131073],
["Legislative District 28"],
["Maricopa",59,34886,71,927,705,75909,46066,158564],
["Total:",59,34886,71,927,705,75909,46066,158564],
["Legislative District 29"],
["Maricopa",47,35245,113,997,1194,57974,50343,145866],
["Total:",47,35245,113,997,1194,57974,50343,145866],
["Legislative District 30"],
["La Paz",11,2014,9,65,128,5468,4249,11933],
["Maricopa",2,716,0,48,28,3281,1542,5615],
["Mohave",22,17562,76,894,761,76432,42861,138586],
["Yavapai",3,169,0,6,7,1016,386,1584],
["Total:",38,20461,85,1013,924,86197,49038,157718],
["State Total:",1719,1195696,3344,30934,29032,1454966,1395298,4109270],
["Inactive"],
["County","Precincts","Date/Period","Democratic","Green","Libertarian","No Labels","Republican","Other","Total"],
["Apache",44,"PPE 2024",1402,4,24,5,918,1090,3443],
[44,"2024-04-01T00:00:00.000Z",1376,4,24,5,901,1084,3394],
[44,"P.E. 2024",1285,4,21,5,835,1029,3179],
["Cochise",55,"PPE 2024",2974,23,170,26,4737,5826,13756],
[55,"2024-04-01T00:00:00.000Z",2938,23,171,27,4618,5766,13543],
[55,"P.E. 2024",2745,23,163,22,4365,5501,12819],
["Coconino",75,"PPE 2024",6736,40,243,46,3767,7206,18038],
[75,"2024-04-01T00:00:00.000Z",6526,41,239,46,3659,7087,17598],
[75,"P.E. 2024",6959,51,277,70,3978,7973,19308],
["Gila",39,"PPE 2024",782,0,34,21,1820,1523,4180],
[39,"2024-04-01T00:00:00.000Z",790,0,33,18,1842,1489,4172],
[39,"P.E. 2024",910,1,42,33,2020,1817,4823],
["Graham",23,"PPE 2024",579,0,37,2,1097,821,2536],
[23,"2024-04-01T00:00:00.000Z",577,0,36,1,1076,810,2500],
[23,"P.E. 2024",664,1,42,4,1246,1036,2993],
["Greenlee",6,"PPE 2024",117,1,4,3,228,246,599],
[6,"2024-04-01T00:00:00.000Z",118,1,4,3,226,246,598],
[6,"P.E. 2024",120,2,4,4,226,247,603],
["La Paz",11,"PPE 2024",413,3,13,1,782,800,2012],
[11,"2024-04-01T00:00:00.000Z",475,3,12,2,890,797,2179],
[11,"P.E. 2024",477,3,12,2,928,782,2204],
["Maricopa",906,"PPE 2024",148904,603,5623,1359,135785,223242,515516],
[906,"2024-04-01T00:00:00.000Z",156326,655,6331,2163,144373,252984,562832],
[906,"P.E. 2024",152329,666,6186,2273,140775,248617,550846],
["Mohave",24,"PPE 2024",3615,0,200,36,11059,9731,24641],
[24,"2024-04-01T00:00:00.000Z",3663,1,196,35,11153,9691,24739],
[24,"P.E. 2024",4030,2,227,46,12460,10911,27676],
["Navajo",21,"PPE 2024",2626,0,89,31,3609,3548,9903],
[21,"2024-04-01T00:00:00.000Z",2782,0,94,34,3743,3713,10366],
[21,"P.E. 2024",2979,1,98,44,3861,3930,10913],
["Pima",278,"PPE 2024",24317,167,809,100,16364,32139,73896],
[278,"2024-04-01T00:00:00.000Z",25019,172,816,101,16573,32956,75637],
[278,"P.E. 2024",30531,178,933,130,20136,36727,88635],
["Pinal",109,"PPE 2024",7350,0,296,81,9433,13245,30405],
[109,"2024-04-01T00:00:00.000Z",9064,0,294,85,11567,16150,37160],
[109,"P.E. 2024",8713,48,286,83,11044,15840,36014],
["Santa Cruz",24,"PPE 2024",1226,4,17,6,622,1120,2995],
[24,"2024-04-01T00:00:00.000Z",1241,4,17,6,635,1112,3015],
[24,"P.E. 2024",873,2,11,10,405,745,2046],
["Yavapai",57,"PPE 2024",3907,0,301,45,7966,8276,20495],
[57,"2024-04-01T00:00:00.000Z",4262,0,331,77,8785,9312,22767],
[57,"P.E. 2024",4567,3,357,135,9518,10222,24802],
["Yuma",47,"PPE 2024",3969,9,157,39,4889,7575,16638],
[47,"2024-04-01T00:00:00.000Z",4025,9,158,42,4916,7571,16721],
[47,"P.E. 2024",4090,7,166,60,5116,8228,17667],
["Totals:",1719,"PPE 2024",208917,854,8017,1801,203076,316388,739053],
[1719,"2024-04-01T00:00:00.000Z",219182,913,8756,2645,214957,350768,797221],
[1719,"P.E. 2024",221272,992,8825,2921,216913,353605,804528],
["Percentages:","PPE 2024",28.27,0.12,1.08,0.24,27.48,42.81],
["2024-04-01T00:00:00.000Z",27.49,0.11,1.1,0.33,26.96,44],
["P.E. 2024",27.5,0.12,1.1,0.36,26.96,43.95],
["Inactive"],
["District","Precincts","Democratic","Green","Libertarian","No Labels","Republican","Other","Total"],
["Congressional District 1"],
["Maricopa",206,28453,132,1303,392,31267,48313,109860],
["Total:",206,28453,132,1303,392,31267,48313,109860],
["Congressional District 2"],
["Apache",44,1285,4,21,5,835,1029,3179],
["Coconino",75,6959,51,277,70,3978,7973,19308],
["Gila",39,910,1,42,33,2020,1817,4823],
["Graham",2,276,0,3,0,28,115,422],
["Maricopa",3,106,0,0,0,12,104,222],
["Mohave",2,19,0,0,0,11,41,71],
["Navajo",21,2979,1,98,44,3861,3930,10913],
["Pinal",50,3882,20,103,31,4271,6616,14923],
["Yavapai",57,4567,3,357,135,9518,10222,24802],
["Total:",293,20983,80,901,318,24534,31847,78663],
["Congressional District 3"],
["Maricopa",123,35406,114,862,383,12505,44406,93676],
["Total:",123,35406,114,862,383,12505,44406,93676],
["Congressional District 4"],
["Maricopa",146,33711,187,1458,603,26373,54973,117305],
["Total:",146,33711,187,1458,603,26373,54973,117305],
["Congressional District 5"],
["Maricopa",120,14684,60,815,204,23075,27535,66373],
["Pinal",30,2553,22,111,19,4269,4803,11777],
["Total:",150,17237,82,926,223,27344,32338,78150],
["Congressional District 6"],
["Cochise",43,2031,20,150,16,4009,4621,10847],
["Graham",21,388,1,39,4,1218,921,2571],
["Greenlee",6,120,2,4,4,226,247,603],
["Pima",155,15649,85,578,77,13166,19783,49338],
["Pinal",25,2157,5,67,31,2311,4175,8746],
["Total:",250,20345,113,838,132,20930,29747,72105],
["Congressional District 7"],
["Cochise",12,714,3,13,6,356,880,1972],
["Maricopa",23,4237,10,116,80,2292,6226,12961],
["Pima",123,14882,93,355,53,6970,16944,39297],
["Pinal",4,121,1,5,2,193,246,568],
["Santa Cruz",24,873,2,11,10,405,745,2046],
["Yuma",27,2585,6,72,30,1821,4552,9066],
["Total:",213,23412,115,572,181,12037,29593,65910],
["Congressional District 8"],
["Maricopa",173,22873,118,1012,370,28615,42579,95567],
["Total:",173,22873,118,1012,370,28615,42579,95567],
["Congressional District 9"],
["La Paz",11,477,3,12,2,928,782,2204],
["Maricopa",112,12859,45,620,241,16636,24481,54882],
["Mohave",22,4011,2,227,46,12449,10870,27605],
["Yuma",20,1505,1,94,30,3295,3676,8601],
["Total:",165,18852,51,953,319,33308,39809,93292],
["Legislative District 1"],
["Coconino",1,107,0,7,1,74,157,346],
["Yavapai",54,4556,3,355,135,9475,10181,24705],
["Total:",55,4663,3,362,136,9549,10338,25051],
["Legislative District 2"],
["Maricopa",48,8213,34,447,133,8584,16282,33693],
["Total:",48,8213,34,447,133,8584,16282,33693],
["Legislative District 3"],
["Maricopa",58,5200,19,269,46,10687,10420,26641],
["Total:",58,5200,19,269,46,10687,10420,26641],
["Legislative District 4"],
["Maricopa",70,8181,38,374,120,10447,13987,33147],
["Total:",70,8181,38,374,120,10447,13987,33147],
["Legislative District 5"],
["Maricopa",54,14824,63,482,172,6456,18080,40077],
["Total:",54,14824,63,482,172,6456,18080,40077],
["Legislative District 6"],
["Apache",44,1285,4,21,5,835,1029,3179],
["Coconino",49,3558,29,135,33,2014,3943,9712],
["Gila",3,199,0,0,2,28,111,340],
["Graham",2,276,0,3,0,28,115,422],
["Mohave",2,19,0,0,0,11,41,71],
["Navajo",11,2199,0,33,14,786,1788,4820],
["Pinal",1,0,0,0,0,0,0,0],
["Total:",112,7536,33,192,54,3702,7027,18544],
["Legislative District 7"],
["Coconino",25,3294,22,135,36,1890,3873,9250],
["Gila",36,711,1,42,31,1992,1706,4483],
["Navajo",10,780,1,65,30,3075,2142,6093],
["Pinal",27,1456,7,39,17,2211,2740,6470],
["Total:",98,6241,31,281,114,9168,10461,26296],
["Legislative District 8"],
["Maricopa",57,15524,99,622,287,9326,23921,49779],
["Total:",57,15524,99,622,287,9326,23921,49779],
["Legislative District 9"],
["Maricopa",39,9070,46,439,172,7624,16745,34096],
["Total:",39,9070,46,439,172,7624,16745,34096],
["Legislative District 10"],
["Maricopa",43,5914,28,326,90,9426,12083,27867],
["Pinal",3,182,3,6,1,310,485,987],
["Total:",46,6096,31,332,91,9736,12568,28854],
["Legislative District 11"],
["Maricopa",37,10639,26,248,94,3693,12628,27328],
["Total:",37,10639,26,248,94,3693,12628,27328],
["Legislative District 12"],
["Maricopa",48,9973,52,408,165,6931,14613,32142],
["Total:",48,9973,52,408,165,6931,14613,32142],
["Legislative District 13"],
["Maricopa",45,7107,32,313,104,7407,11311,26274],
["Total:",45,7107,32,313,104,7407,11311,26274],
["Legislative District 14"],
["Maricopa",44,5448,18,319,76,9018,10354,25233],
["Total:",44,5448,18,319,76,9018,10354,25233],
["Legislative District 15"],
["Maricopa",26,2300,12,136,32,4866,4777,12123],
["Pinal",19,1809,16,89,9,2929,2989,7841],
["Total:",45,4109,28,225,41,7795,7766,19964],
["Legislative District 16"],
["Maricopa",2,104,0,0,0,11,101,216],
["Pima",17,640,9,26,1,661,875,2212],
["Pinal",53,5012,21,149,56,5227,9305,19770],
["Total:",72,5756,30,175,57,5899,10281,22198],
["Legislative District 17"],
["Pima",63,4516,23,203,19,5336,6426,16523],
["Pinal",5,242,1,3,0,367,308,921],
["Total:",68,4758,24,206,19,5703,6734,17444],
["Legislative District 18"],
["Pima",65,8689,58,276,45,5262,9697,24027],
["Total:",65,8689,58,276,45,5262,9697,24027],
["Legislative District 19"],
["Cochise",48,2504,21,155,18,4192,5174,12064],
["Graham",21,388,1,39,4,1218,921,2571],
["Greenlee",6,120,2,4,4,226,247,603],
["Pima",17,1275,2,49,4,1827,1925,5082],
["Santa Cruz",3,71,0,1,2,75,62,211],
["Total:",95,4358,26,248,32,7538,8329,20531],
["Legislative District 20"],
["Pima",56,9387,55,205,34,3264,9681,22626],
["Total:",56,9387,55,205,34,3264,9681,22626],
["Legislative District 21"],
["Cochise",7,241,2,8,4,173,327,755],
["Pima",42,5154,28,154,24,3315,7076,15751],
["Santa Cruz",21,802,2,10,8,330,683,1835],
["Total:",70,6197,32,172,36,3818,8086,18341],
["Legislative District 22"],
["Maricopa",40,9060,23,248,158,4189,12794,26472],
["Total:",40,9060,23,248,158,4189,12794,26472],
["Legislative District 23"],
["Maricopa",20,1963,8,90,44,2266,3569,7940],
["Pima",18,870,3,20,3,471,1047,2414],
["Pinal",1,12,0,0,0,0,13,25],
["Yuma",26,2510,6,71,30,1763,4437,8817],
["Total:",65,5355,17,181,77,4500,9066,19196],
["Legislative District 24"],
["Maricopa",38,8187,33,210,91,4023,12361,24905],
["Total:",38,8187,33,210,91,4023,12361,24905],
["Legislative District 25"],
["Maricopa",44,3586,10,161,57,5708,7432,16954],
["Yuma",21,1580,1,95,30,3353,3791,8850],
["Total:",65,5166,11,256,87,9061,11223,25804],
["Legislative District 26"],
["Maricopa",34,8649,34,215,111,3896,12905,25810],
["Total:",34,8649,34,215,111,3896,12905,25810],
["Legislative District 27"],
["Maricopa",51,7749,45,376,158,8527,14217,31072],
["Total:",51,7749,45,376,158,8527,14217,31072],
["Legislative District 28"],
["Maricopa",59,4219,19,169,57,8774,7717,20955],
["Total:",59,4219,19,169,57,8774,7717,20955],
["Legislative District 29"],
["Maricopa",47,6246,26,328,102,8448,11886,27036],
["Total:",47,6246,26,328,102,8448,11886,27036],
["Legislative District 30"],
["La Paz",11,477,3,12,2,928,782,2204],
["Maricopa",2,173,1,6,4,468,434,1086],
["Mohave",22,4011,2,227,46,12449,10870,27605],
["Yavapai",3,11,0,2,0,43,41,97],
["Total:",38,4672,6,247,52,13888,12127,30992],
["State Total:",1719,221272,992,8825,2921,216913,353605,804528]
]
