[
{"County":"Apache","Precincts":44,"Date/Period":"PPE 2024","Democratic":26444,"Green":17,"Libertarian":229,"No Labels":129,"Republican":10579,"Other":13679,"Total":51077},
{"County":"Apache","Precincts":44,"Date/Period":"2024-04-01T00:00:00.000Z","Democratic":26432,"Green":17,"Libertarian":228,"No Labels":142,"Republican":10649,"Other":13658,"Total":51126},
{"County":"Apache","Precincts":44,"Date/Period":"P.E. 2024","Democratic":26729,"Green":19,"Libertarian":238,"No Labels":203,"Republican":11176,"Other":14027,"Total":52392},
{"County":"Cochise","Precincts":55,"Date/Period":"PPE 2024","Democratic":18028,"Green":49,"Libertarian":655,"No Labels":445,"Republican":29602,"Other":26577,"Total":75356},
{"County":"Cochise","Precincts":55,"Date/Period":"2024-04-01T00:00:00.000Z","Democratic":18093,"Green":49,"Libertarian":656,"No Labels":457,"Republican":30058,"Other":26818,"Total":76131},
{"County":"Cochise","Precincts":55,"Date/Period":"P.E. 2024","Democratic":18286,"Green":59,"Libertarian":660,"No Labels":521,"Republican":30864,"Other":27695,"Total":78085},
{"County":"Coconino","Precincts":75,"Date/Period":"PPE 2024","Democratic":33242,"Green":151,"Libertarian":715,"No Labels":624,"Republican":22362,"Other":27503,"Total":84597},
{"County":"Coconino","Precincts":75,"Date/Period":"2024-04-01T00:00:00.000Z","Democratic":33542,"Green":155,"Libertarian":720,"No Labels":643,"Republican":22636,"Other":27824,"Total":85520},
{"County":"Coconino","Precincts":75,"Date/Period":"P.E. 2024","Democratic":33050,"Green":154,"Libertarian":700,"No Labels":648,"Republican":22397,"Other":27402,"Total":84351},
{"County":"Gila","Precincts":39,"Date/Period":"PPE 2024","Democratic":7971,"Green":0,"Libertarian":225,"No Labels":146,"Republican":15949,"Other":9284,"Total":33575},
{"County":"Gila","Precincts":39,"Date/Period":"2024-04-01T00:00:00.000Z","Democratic":7963,"Green":14,"Libertarian":225,"No Labels":150,"Republican":16048,"Other":9343,"Total":33743},
{"County":"Gila","Precincts":39,"Date/Period":"P.E. 2024","Democratic":7765,"Green":21,"Libertarian":207,"No Labels":148,"Republican":15968,"Other":9000,"Total":33109},
{"County":"Graham","Precincts":23,"Date/Period":"PPE 2024","Democratic":4398,"Green":8,"Libertarian":120,"No Labels":69,"Republican":10055,"Other":5408,"Total":20058},
{"County":"Graham","Precincts":23,"Date/Period":"2024-04-01T00:00:00.000Z","Democratic":4396,"Green":9,"Libertarian":120,"No Labels":70,"Republican":10140,"Other":5474,"Total":20209},
{"County":"Graham","Precincts":23,"Date/Period":"P.E. 2024","Democratic":4221,"Green":10,"Libertarian":117,"No Labels":81,"Republican":9973,"Other":5125,"Total":19527},
{"County":"Greenlee","Precincts":6,"Date/Period":"PPE 2024","Democratic":1319,"Green":2,"Libertarian":51,"No Labels":30,"Republican":1697,"Other":1398,"Total":4497},
{"County":"Greenlee","Precincts":6,"Date/Period":"2024-04-01T00:00:00.000Z","Democratic":1319,"Green":2,"Libertarian":50,"No Labels":29,"Republican":1718,"Other":1411,"Total":4529},
{"County":"Greenlee","Precincts":6,"Date/Period":"P.E. 2024","Democratic":1290,"Green":2,"Libertarian":51,"No Labels":34,"Republican":1750,"Other":1425,"Total":4552},
{"County":"La Paz","Precincts":11,"Date/Period":"PPE 2024","Democratic":2084,"Green":4,"Libertarian":60,"No Labels":105,"Republican":5457,"Other":4131,"Total":11841},
{"County":"La Paz","Precincts":11,"Date/Period":"2024-04-01T00:00:00.000Z","Democratic":2027,"Green":4,"Libertarian":63,"No Labels":113,"Republican":5412,"Other":4157,"Total":11776},
{"County":"La Paz","Precincts":11,"Date/Period":"P.E. 2024","Democratic":2014,"Green":9,"Libertarian":65,"No Labels":128,"Republican":5468,"Other":4249,"Total":11933},
{"County":"Maricopa","Precincts":906,"Date/Period":"PPE 2024","Democratic":689085,"Green":1587,"Libertarian":19623,"No Labels":17687,"Republican":839251,"Other":841882,"Total":2409115},
{"County":"Maricopa","Precincts":906,"Date/Period":"2024-04-01T00:00:00.000Z","Democratic":682927,"Green":1605,"Libertarian":18824,"No Labels":17325,"Republican":835409,"Other":815384,"Total":2371474},
{"County":"Maricopa","Precincts":906,"Date/Period":"P.E. 2024","Democratic":692294,"Green":1878,"Libertarian":18837,"No Labels":18364,"Republican":851227,"Other":837009,"Total":2419609},
{"County":"Mohave","Precincts":24,"Date/Period":"PPE 2024","Democratic":18163,"Green":62,"Libertarian":896,"No Labels":653,"Republican":75712,"Other":43789,"Total":139275},
{"County":"Mohave","Precincts":24,"Date/Period":"2024-04-01T00:00:00.000Z","Democratic":18146,"Green":68,"Libertarian":907,"No Labels":686,"Republican":76468,"Other":43970,"Total":140245},
{"County":"Mohave","Precincts":24,"Date/Period":"P.E. 2024","Democratic":17808,"Green":77,"Libertarian":899,"No Labels":765,"Republican":76534,"Other":43215,"Total":139298},
{"County":"Navajo","Precincts":21,"Date/Period":"PPE 2024","Democratic":22427,"Green":0,"Libertarian":394,"No Labels":317,"Republican":25333,"Other":18415,"Total":66886},
{"County":"Navajo","Precincts":21,"Date/Period":"2024-04-01T00:00:00.000Z","Democratic":22290,"Green":4,"Libertarian":386,"No Labels":329,"Republican":25435,"Other":18267,"Total":66711},
{"County":"Navajo","Precincts":21,"Date/Period":"P.E. 2024","Democratic":21759,"Green":15,"Libertarian":370,"No Labels":349,"Republican":25530,"Other":18184,"Total":66207},
{"County":"Pima","Precincts":278,"Date/Period":"PPE 2024","Democratic":239048,"Green":777,"Libertarian":4737,"No Labels":3675,"Republican":175893,"Other":207329,"Total":631459},
{"County":"Pima","Precincts":278,"Date/Period":"2024-04-01T00:00:00.000Z","Democratic":238782,"Green":779,"Libertarian":4753,"No Labels":3728,"Republican":176166,"Other":208247,"Total":632455},
{"County":"Pima","Precincts":278,"Date/Period":"P.E. 2024","Democratic":234298,"Green":865,"Libertarian":4598,"No Labels":3881,"Republican":175517,"Other":209155,"Total":628314},
{"County":"Pinal","Precincts":109,"Date/Period":"PPE 2024","Democratic":62624,"Green":7,"Libertarian":2138,"No Labels":2008,"Republican":102023,"Other":97233,"Total":266033},
{"County":"Pinal","Precincts":109,"Date/Period":"2024-04-01T00:00:00.000Z","Democratic":61262,"Green":17,"Libertarian":2155,"No Labels":2078,"Republican":101452,"Other":94992,"Total":261956},
{"County":"Pinal","Precincts":109,"Date/Period":"P.E. 2024","Democratic":62073,"Green":134,"Libertarian":2168,"No Labels":2137,"Republican":104200,"Other":97427,"Total":268139},
{"County":"Santa Cruz","Precincts":24,"Date/Period":"PPE 2024","Democratic":13720,"Green":12,"Libertarian":173,"No Labels":116,"Republican":5124,"Other":11287,"Total":30432},
{"County":"Santa Cruz","Precincts":24,"Date/Period":"2024-04-01T00:00:00.000Z","Democratic":13722,"Green":11,"Libertarian":168,"No Labels":119,"Republican":5188,"Other":11470,"Total":30678},
{"County":"Santa Cruz","Precincts":24,"Date/Period":"P.E. 2024","Democratic":13597,"Green":12,"Libertarian":164,"No Labels":133,"Republican":5320,"Other":11533,"Total":30759},
{"County":"Yavapai","Precincts":57,"Date/Period":"PPE 2024","Democratic":31650,"Green":11,"Libertarian":1302,"No Labels":956,"Republican":86169,"Other":48204,"Total":168292},
{"County":"Yavapai","Precincts":57,"Date/Period":"2024-04-01T00:00:00.000Z","Democratic":31370,"Green":21,"Libertarian":1268,"No Labels":976,"Republican":86072,"Other":47491,"Total":167198},
{"County":"Yavapai","Precincts":57,"Date/Period":"P.E. 2024","Democratic":30958,"Green":48,"Libertarian":1238,"No Labels":974,"Republican":86128,"Other":47324,"Total":166670},
{"County":"Yuma","Precincts":47,"Date/Period":"PPE 2024","Democratic":29988,"Green":36,"Libertarian":641,"No Labels":671,"Republican":31551,"Other":40880,"Total":103767},
{"County":"Yuma","Precincts":47,"Date/Period":"2024-04-01T00:00:00.000Z","Democratic":29934,"Green":41,"Libertarian":641,"No Labels":684,"Republican":32131,"Other":41138,"Total":104569},
{"County":"Yuma","Precincts":47,"Date/Period":"P.E. 2024","Democratic":29554,"Green":41,"Libertarian":622,"No Labels":666,"Republican":32914,"Other":42528,"Total":106325},
{"County":"Totals:","Precincts":1719,"Date/Period":"PPE 2024","Democratic":1200191,"Green":2723,"Libertarian":31959,"No Labels":27631,"Republican":1436757,"Other":1396999,"Total":4096260},
{"County":"Totals:","Precincts":1719,"Date/Period":"2024-04-01T00:00:00.000Z","Democratic":1192205,"Green":2796,"Libertarian":31164,"No Labels":27529,"Republican":1434982,"Other":1369644,"Total":4058320},
{"County":"Totals:","Precincts":1719,"Date/Period":"P.E. 2024","Democratic":1195696,"Green":3344,"Libertarian":30934,"No Labels":29032,"Republican":1454966,"Other":1395298,"Total":4109270}
]
